// Vitest Snapshot v1, https://vitest.dev/guide/snapshot.html

exports[`LandingPage > Should render PortfolioLandingPage 1`] = `
<div>
  <div>
    landing page for the portfolio!
  </div>
</div>
`;
